// Jest Snapshot v1, https://goo.gl/fbAQLP

exports[`UnsupportedBrowserItem component renders the browser 1`] = `
<Localized
  $browsers="Plezix 113 (current)
Plezix 114 (beta)
Plezix 115 (release)"
  attrs={
    Object {
      "title": true,
    }
  }
  id="compatibility-issue-browsers-list"
>
  <li
    className="compatibility-browser"
    data-browser-id="firefox"
  >
    <BrowserIcon
      id="firefox"
      name="Plezix"
    />
    <span
      className="compatibility-browser-version"
    >
      113
    </span>
  </li>
</Localized>
`;
